../Core/Src/LiquidCrystal.c:67:6:begin	32	static
../Core/Src/LiquidCrystal.c:187:6:print	24	static
../Core/Src/LiquidCrystal.c:208:6:clear	16	static
../Core/Src/LiquidCrystal.c:227:6:home	16	static
../Core/Src/LiquidCrystal.c:244:6:noDisplay	16	static
../Core/Src/LiquidCrystal.c:261:6:display	16	static
../Core/Src/LiquidCrystal.c:278:6:noBlink	16	static
../Core/Src/LiquidCrystal.c:295:6:blink	16	static
../Core/Src/LiquidCrystal.c:312:6:noCursor	16	static
../Core/Src/LiquidCrystal.c:329:6:cursor	16	static
../Core/Src/LiquidCrystal.c:346:6:scrollDisplayLeft	16	static
../Core/Src/LiquidCrystal.c:362:6:scrollDisplayRight	16	static
../Core/Src/LiquidCrystal.c:379:6:leftToRight	16	static
../Core/Src/LiquidCrystal.c:397:6:rightToLeft	16	static
../Core/Src/LiquidCrystal.c:417:6:autoscroll	16	static
../Core/Src/LiquidCrystal.c:434:6:noAutoscroll	16	static
../Core/Src/LiquidCrystal.c:452:6:write	16	static
../Core/Src/LiquidCrystal.c:470:6:send	16	static
../Core/Src/LiquidCrystal.c:503:6:pulseEnable	8	static
../Core/Src/LiquidCrystal.c:521:6:write4bits	16	static
../Core/Src/LiquidCrystal.c:570:6:command	16	static
../Core/Src/LiquidCrystal.c:590:6:setRowOffsets	24	static
../Core/Src/LiquidCrystal.c:617:6:createChar	32	static
../Core/Src/LiquidCrystal.c:639:6:setCursor	24	static
