../Core/Src/main.c:36:5:main	8	static
../Core/Src/main.c:72:6:apresentacao	8	static
../Core/Src/main.c:86:6:keyboard	8	static
../Core/Src/main.c:132:6:menu1	8	static
../Core/Src/main.c:151:6:menu2	8	static
../Core/Src/main.c:170:6:menu3	8	static
../Core/Src/main.c:189:6:contato	8	static
../Core/Src/main.c:201:6:parametrizacao	24	static
../Core/Src/main.c:228:6:SystemClock_Config	72	static
../Core/Src/main.c:266:13:MX_GPIO_Init	40	static
../Core/Src/main.c:321:6:Error_Handler	4	static,ignoring_inline_asm
