../Core/Src/main.c:36:5:main	8	static
../Core/Src/main.c:89:6:apresentacao	8	static
../Core/Src/main.c:103:6:keyboard	8	static
../Core/Src/main.c:135:6:menuValores	24	static
../Core/Src/main.c:172:6:menu1	8	static
../Core/Src/main.c:191:6:menu2	8	static
../Core/Src/main.c:210:6:menu3	8	static
../Core/Src/main.c:229:6:menu4	8	static
../Core/Src/main.c:251:6:SystemClock_Config	72	static
../Core/Src/main.c:289:13:MX_GPIO_Init	40	static
../Core/Src/main.c:344:6:Error_Handler	4	static,ignoring_inline_asm
